<html>
<body>
<pre>
<h1>µVision Build Log</h1>
<h2>Project:</h2>
C:\Users\ADE\Desktop\PartB\Exp09_DAC\triangular\triangular.uvproj
Project File Date:  07/28/2008

<h2>Output:</h2>
Build target 'Target 1'
Clean started - Project: 'triangular'
   deleting intermediate output files for target 'Target 1'
assembling Startup.s...
compiling triangular.c...
linking...
Program Size: Code=500 RO-data=16 RW-data=0 ZI-data=1160  
".\triangular.axf" - 0 Error(s), 0 Warning(s).

*** Performing Cross-Module-Optimization:
FromELF: creating hex file...
.\triangular.hex: Error: Q0122E: Could not open file '.\triangular.axf': No such file or directory
Finished: 0 information, 0 warning and 1 error messages.
".\triangular.axf" - 0 Error(s), 0 Warning(s).
*** Completed Cross-Module-Optimization after 1 iteration(s).
</pre>
</body>
</html>
