


ARM Macro Assembler    Page 1 


    1 00000000                 AREA             SUMMATION,CODE,READONLY
    2 00000000                 ENTRY
    3 00000000         START
    4 00000000 E3A0500A        MOV              R5,#10      ;
    5 00000004 E3A00000        MOV              R0,#0       ;
    6 00000008 E3A01001        MOV              R1,#1       ;
    7 0000000C E0800001 
                       LOOP    ADD              R0,R0,R1    ;
    8 00000010 E2811001        ADD              R1,R1,1
    9 00000014 E2555001        SUBS             R5,R5,#1    ;
   10 00000018 E3550000        CMP              R5,#0
   11 0000001C 1AFFFFFA        BNE              LOOP
   12 00000020 E59F400C        LDR              R4,=RESULT
   13 00000024 E5840000        STR              R0,[R4]
   14 00000028 E1A00000        NOP
   15 0000002C E1A00000        NOP
   16 00000030 E1A00000        NOP
   17 00000034 00000000        AREA             DATA2,DATA,READWRITE
   18 00000000 00000000 
                       RESULT  DCD              0X0
   19 00000004                 END
Command Line: --debug --xref --apcs=interwork --depend=.\lab2.d -o.\lab2.o -IC:
\Keil\ARM\RV31\INC -IC:\Keil\ARM\CMSIS\Include -IC:\Keil\ARM\Inc\Philips --pred
efine="__EVAL SETA 1" --list=.\lab2.lst LAB2.ASM



ARM Macro Assembler    Page 1 Alphabetic symbol ordering
Relocatable symbols

LOOP 0000000C

Symbol: LOOP
   Definitions
      At line 7 in file LAB2.ASM
   Uses
      At line 11 in file LAB2.ASM
Comment: LOOP used once
START 00000000

Symbol: START
   Definitions
      At line 3 in file LAB2.ASM
   Uses
      None
Comment: START unused
SUMMATION 00000000

Symbol: SUMMATION
   Definitions
      At line 1 in file LAB2.ASM
   Uses
      None
Comment: SUMMATION unused
3 symbols



ARM Macro Assembler    Page 1 Alphabetic symbol ordering
Relocatable symbols

DATA2 00000000

Symbol: DATA2
   Definitions
      At line 17 in file LAB2.ASM
   Uses
      None
Comment: DATA2 unused
RESULT 00000000

Symbol: RESULT
   Definitions
      At line 18 in file LAB2.ASM
   Uses
      At line 12 in file LAB2.ASM
Comment: RESULT used once
2 symbols
338 symbols in table
