ARM Linker, 5.03 [Build 76] [MDK-ARM Lite]

==============================================================================

Section Cross References

    lab5.o(ADDITION) refers to lab5.o(DATA2) for RESULT


==============================================================================

Image Symbol Table

    Local Symbols

    Symbol Name                              Value     Ov Type        Size  Object(Section)

    ADDITION                                 0x00000000   Section       72  lab5.o(ADDITION)
    lab5.asm                                 0x00000000   Number         0  lab5.o ABSOLUTE
    VALUE1                                   0x00000034   Data          12  lab5.o(ADDITION)
    DATA2                                    0x40000000   Section        4  lab5.o(DATA2)
    RESULT                                   0x40000000   Data           4  lab5.o(DATA2)

    Global Symbols

    Symbol Name                              Value     Ov Type        Size  Object(Section)

    BuildAttributes$$THM_ISAv1$ARM_ISAv4$S$PE$A:L22$X:L11$S22$IEEE1$IW$USESV6$~STKCKD$USESV7$~SHL$OSPACE$EBA8$STANDARDLIB$PRES8$EABIv2 0x00000000   Number         0  anon$$obj.o ABSOLUTE



==============================================================================

Memory Map of the image

  Image Entry point : 0x00000000

  Load Region LR_1 (Base: 0x00000000, Size: 0x0000004c, Max: 0xffffffff, ABSOLUTE)

    Execution Region ER_RO (Base: 0x00000000, Size: 0x00000048, Max: 0xffffffff, ABSOLUTE)

    Base Addr    Size         Type   Attr      Idx    E Section Name        Object

    0x00000000   0x00000048   Code   RO            1  * ADDITION            lab5.o


    Execution Region ER_RW (Base: 0x40000000, Size: 0x00000004, Max: 0xffffffff, ABSOLUTE)

    Base Addr    Size         Type   Attr      Idx    E Section Name        Object

    0x40000000   0x00000004   Data   RW            2    DATA2               lab5.o


    Execution Region ER_ZI (Base: 0x40000004, Size: 0x00000000, Max: 0xffffffff, ABSOLUTE)

    **** No section assigned to this execution region ****


==============================================================================

Image component sizes


      Code (inc. data)   RO Data    RW Data    ZI Data      Debug   Object Name

        72         20          0          4          0        228   lab5.o

    ----------------------------------------------------------------------
        72         20          0          4          0        228   Object Totals
         0          0          0          0          0          0   (incl. Generated)
         0          0          0          0          0          0   (incl. Padding)

    ----------------------------------------------------------------------
         0          0          0          0          0          0   Library Totals
         0          0          0          0          0          0   (incl. Padding)

    ----------------------------------------------------------------------

==============================================================================


      Code (inc. data)   RO Data    RW Data    ZI Data      Debug   

        72         20          0          4          0        228   Grand Totals
        72         20          0          4          0        228   ELF Image Totals
        72         20          0          4          0          0   ROM Totals

==============================================================================

    Total RO  Size (Code + RO Data)                   72 (   0.07kB)
    Total RW  Size (RW Data + ZI Data)                 4 (   0.00kB)
    Total ROM Size (Code + RO Data + RW Data)         76 (   0.07kB)

==============================================================================

